[0mPOST /api/auth/register [32m201[0m 660.839 ms - 311[0m
[0mPOST /api/auth/register [32m201[0m 282.604 ms - 305[0m
[0mPOST /api/assessments [31m500[0m 66.602 ms - 98[0m
node.exe : FAIL tests/s
ubmission.test.js 
(7.063 s)
At D:\Applications\node
js\npx.ps1:29 char:3
+   & $NODE_EXE 
$NPX_CLI_JS $args
+   ~~~~~~~~~~~~~~~~~~~
~~~~~~~~~~
    + CategoryInfo     
         : NotSpecifi  
  ed: (FAIL tests/su   
 bmission.test.js (    
7.063 s):String) [    
], RemoteException
    + FullyQualifiedEr 
   rorId : NativeComm  
  andError
 
  Submission Controller
    ├ù Student should 
be able to submit an 
assessment (7 ms)
    ├ù Instructor 
should be able to view 
submissions for their 
assessment (1 ms)
    ├ù Student should 
be able to see their 
own submissions (1 ms)

  ΓùÅ Submission 
Controller ΓÇ║ Student 
should be able to 
submit an assessment

    TypeError: Cannot 
read properties of 
undefined (reading 
'_id')

    [0m [90m 69 
|[39m             ]
     [90m 70 |[39m   
      })[33m;[39m
    [31m[1m>[22m[39
m[90m 71 |[39m     
assessmentId 
[33m=[39m assRes[33m
.[39mbody[33m.[39mda
ta[33m.[39m_id[33m;
[39m
     [90m    |[39m   
                       
           
[31m[1m^[22m[39m
     [90m 72 |[39m   
  questionId 
[33m=[39m assRes[33m
.[39mbody[33m.[39mda
ta[33m.[39mquestions[
[35m0[39m][33m.[39m
_id[33m;[39m
     [90m 73 |[39m 
})[33m;[39m
     [90m 74 
|[39m[0m

      at 
Object.<anonymous> (tes
ts/submission.test.js:7
1:37)

  ΓùÅ Submission 
Controller ΓÇ║ 
Instructor should be 
able to view 
submissions for their 
assessment

    TypeError: Cannot 
read properties of 
undefined (reading 
'_id')

    [0m [90m 69 
|[39m             ]
     [90m 70 |[39m   
      })[33m;[39m
    [31m[1m>[22m[39
m[90m 71 |[39m     
assessmentId 
[33m=[39m assRes[33m
.[39mbody[33m.[39mda
ta[33m.[39m_id[33m;
[39m
     [90m    |[39m   
                       
           
[31m[1m^[22m[39m
     [90m 72 |[39m   
  questionId 
[33m=[39m assRes[33m
.[39mbody[33m.[39mda
ta[33m.[39mquestions[
[35m0[39m][33m.[39m
_id[33m;[39m
     [90m 73 |[39m 
})[33m;[39m
     [90m 74 
|[39m[0m

      at 
Object.<anonymous> (tes
ts/submission.test.js:7
1:37)

  ΓùÅ Submission 
Controller ΓÇ║ Student 
should be able to see 
their own submissions

    TypeError: Cannot 
read properties of 
undefined (reading 
'_id')

    [0m [90m 69 
|[39m             ]
     [90m 70 |[39m   
      })[33m;[39m
    [31m[1m>[22m[39
m[90m 71 |[39m     
assessmentId 
[33m=[39m assRes[33m
.[39mbody[33m.[39mda
ta[33m.[39m_id[33m;
[39m
     [90m    |[39m   
                       
           
[31m[1m^[22m[39m
     [90m 72 |[39m   
  questionId 
[33m=[39m assRes[33m
.[39mbody[33m.[39mda
ta[33m.[39mquestions[
[35m0[39m][33m.[39m
_id[33m;[39m
     [90m 73 |[39m 
})[33m;[39m
     [90m 74 
|[39m[0m

      at 
Object.<anonymous> (tes
ts/submission.test.js:7
1:37)

Test Suites: 1 failed, 
1 total
Tests:       3 failed, 
3 total
Snapshots:   0 total
Time:        7.262 s, 
estimated 10 s
Ran all test suites 
matching tests/submissi
on.test.js.
Force exiting Jest: 
Have you considered 
using 
`--detectOpenHandles` 
to detect async 
operations that kept 
running after all 
tests finished?
